[2025-09-22 16:16:52] ERROR: failed to parse template: open templates/index.html: no such file or directory
[2025-09-22 16:16:52] ERROR: failed to parse template: open templates/index.html: no such file or directory
[2025-09-22 16:30:46] ERROR: failed to parse template: open templates/login.html: no such file or directory
[2025-09-22 16:31:38] ERROR: failed to parse template: open templates/login.html: no such file or directory
[2025-09-22 19:13:52] ERROR: failed to parse template: open templates/index.html: no such file or directory
[2025-09-22 19:13:52] ERROR: failed to parse template: open templates/index.html: no such file or directory
[2025-09-22 19:15:14] ERROR: failed to parse template: open templates/index.html: no such file or directory
[2025-09-22 19:15:14] ERROR: failed to parse template: open templates/index.html: no such file or directory
[2025-10-02 18:12:43] ERROR: failed to fetch posts: no such column: post_id
[2025-10-02 18:12:44] ERROR: failed to fetch posts: no such column: post_id
[2025-10-02 18:12:46] ERROR: failed to fetch posts: no such column: post_id
[2025-10-02 18:12:46] ERROR: failed to fetch posts: no such column: post_id
[2025-10-02 18:12:49] ERROR: failed to fetch posts: no such column: post_id
[2025-10-02 18:12:49] ERROR: failed to fetch posts: no such column: post_id
[2025-10-02 18:12:50] ERROR: failed to fetch posts: no such column: post_id
[2025-10-02 18:12:50] ERROR: failed to fetch posts: no such column: post_id
[2025-10-02 18:12:50] ERROR: failed to fetch posts: no such column: post_id
[2025-10-02 18:12:51] ERROR: failed to fetch posts: no such column: post_id
[2025-10-02 18:12:51] ERROR: failed to fetch posts: no such column: post_id
[2025-10-02 18:12:51] ERROR: failed to fetch posts: no such column: post_id
[2025-10-02 18:13:17] ERROR: failed to fetch posts: no such column: post_id
[2025-10-02 18:13:17] ERROR: failed to fetch posts: no such column: post_id
[2025-10-02 18:13:18] ERROR: failed to fetch posts: no such column: post_id
[2025-10-02 18:13:18] ERROR: failed to fetch posts: no such column: post_id
[2025-10-02 18:13:19] ERROR: failed to fetch posts: no such column: post_id
[2025-10-02 18:13:19] ERROR: failed to fetch posts: no such column: post_id
[2025-10-02 18:13:19] ERROR: failed to fetch posts: no such column: post_id
[2025-10-02 18:13:19] ERROR: failed to fetch posts: no such column: post_id
[2025-10-02 18:13:19] ERROR: failed to fetch posts: no such column: post_id
[2025-10-02 18:13:19] ERROR: failed to fetch posts: no such column: post_id
[2025-10-02 18:13:20] ERROR: failed to fetch posts: no such column: post_id
[2025-10-02 18:13:20] ERROR: failed to fetch posts: no such column: post_id
[2025-10-02 18:13:20] ERROR: failed to fetch posts: no such column: post_id
[2025-10-02 18:13:20] ERROR: failed to fetch posts: no such column: post_id
[2025-10-02 18:13:24] ERROR: failed to fetch posts: no such column: post_id
[2025-10-02 18:13:25] ERROR: failed to fetch posts: no such column: post_id
[2025-10-02 18:14:12] ERROR: failed to fetch posts: no such column: post_id
[2025-10-02 18:14:12] ERROR: failed to fetch posts: no such column: post_id
[2025-10-02 18:14:37] ERROR: failed to fetch posts: no such column: post_id
[2025-10-02 18:14:37] ERROR: failed to fetch posts: no such column: post_id
[2025-10-07 17:22:48] ERROR: failed to parse template: template: index.html:89: function "selected" not defined
[2025-10-07 17:22:48] ERROR: failed to parse template: template: index.html:89: function "selected" not defined
[2025-10-19 20:20:21] ERROR: failed to parse template: open templates/Subforum not found.html: no such file or directory
[2025-10-19 20:21:25] ERROR: failed to parse template: open templates/Subforum not found.html: no such file or directory
[2025-10-19 20:23:17] ERROR: failed to parse template: open templates/Subforum not found.html: no such file or directory
[2025-10-20 14:53:31] ERROR: Failed to fetch posts by likedno such column: p.content
[2025-10-20 14:54:49] ERROR: Failed to fetch posts by likedno such column: p.author
[2025-10-20 14:54:51] ERROR: Failed to fetch posts by likedno such column: p.author
[2025-10-20 14:54:51] ERROR: Failed to fetch posts by likedno such column: p.author
[2025-10-20 14:54:51] ERROR: Failed to fetch posts by likedno such column: p.author
[2025-10-20 14:54:51] ERROR: Failed to fetch posts by likedno such column: p.author
[2025-10-20 14:54:52] ERROR: Failed to fetch posts by likedno such column: p.author
[2025-10-20 14:54:52] ERROR: Failed to fetch posts by likedno such column: p.author
[2025-10-20 14:54:52] ERROR: Failed to fetch posts by likedno such column: p.author
[2025-10-20 14:54:52] ERROR: Failed to fetch posts by likedno such column: p.author
[2025-10-20 14:58:08] ERROR: Failed to fetch posts by likedno such column: p.CreatedAt
[2025-10-20 14:58:09] ERROR: Failed to fetch posts by likedno such column: p.CreatedAt
[2025-10-20 14:58:09] ERROR: Failed to fetch posts by likedno such column: p.CreatedAt
[2025-10-20 14:59:36] ERROR: Failed to fetch posts by liked: no such column: p.Comments
[2025-10-20 15:11:54] ERROR: Failed to fetch posts by liked: sql: expected 8 destination arguments in Scan, not 10
[2025-10-20 15:11:55] ERROR: Failed to fetch posts by liked: sql: expected 8 destination arguments in Scan, not 10
[2025-10-20 15:13:48] ERROR: Failed to fetch posts by liked: sql: Scan error on column index 5, name "username": converting driver.Value type string ("test1") to a int: invalid syntax
[2025-10-20 15:13:49] ERROR: Failed to fetch posts by liked: sql: Scan error on column index 5, name "username": converting driver.Value type string ("test1") to a int: invalid syntax
[2025-10-20 15:21:39] ERROR: Failed to fetch posts by liked: no such column: l.post_id
[2025-10-20 15:21:39] ERROR: Failed to fetch posts by liked: no such column: l.post_id
[2025-10-20 15:21:39] ERROR: Failed to fetch posts by liked: no such column: l.post_id
